
[Test - 1]
{"src":"n0","dest":"c0","body":{"in_reply_to":2,"type":"topology_ok"}}
---

[Test - 2]
{"src":"n0","dest":"c0","body":{"in_reply_to":3,"type":"broadcast_ok"}}
---

[Test - 3]
{"src":"n0","dest":"n2","body":{"type":"gossip","messages":[1]}}
---

[Test - 4]
{"src":"n0","dest":"n4","body":{"type":"gossip","messages":[1]}}
---

[Test - 5]
{"src":"n0","dest":"n1","body":{"type":"gossip","messages":[1]}}
---

[Test - 6]
{"src":"n0","dest":"n3","body":{"type":"gossip","messages":[1]}}
---

[Test - 7]
{"src":"n0","dest":"c0","body":{"in_reply_to":4,"messages":[1],"type":"read_ok"}}
---
