
[TestEcho - 1]
{"src":"n0","dest":"c0","body":{"in_reply_to":2,"txn":[["w",1,1],["r",2,0]],"type":"txn_ok"}}
---

[TestEcho - 2]
{"src":"n0","dest":"c0","body":{"in_reply_to":3,"txn":[["r",1,1],["w",2,2]],"type":"txn_ok"}}
---
