
[Test - 1]
{"src":"n0","dest":"c0","body":{"in_reply_to":2,"offset":0,"type":"send_ok"}}
---

[Test - 2]
{"src":"n0","dest":"c0","body":{"in_reply_to":3,"msgs":{"0":[[0,83]]},"type":"poll_ok"}}
---

[Test - 3]
{"src":"n0","dest":"c0","body":{"in_reply_to":4,"offset":1,"type":"send_ok"}}
---

[Test - 4]
{"src":"n0","dest":"c0","body":{"in_reply_to":5,"msgs":{"0":[[1,84]]},"type":"poll_ok"}}
---

[Test - 5]
{"src":"n0","dest":"c0","body":{"in_reply_to":6,"type":"commit_offsets_ok"}}
---

[Test - 6]
{"src":"n0","dest":"c0","body":{"in_reply_to":7,"offsets":{"0":1},"type":"list_committed_offsets_ok"}}
---
